Regolith is launching Sway with /etc/regolith/sway/config
{
  "success": true
}
IDLE INHIBITED
[
  {
    "success": true
  }
]
IDLE INHIBITED
IDLE INHIBITED
IDLE INHIBITED
IDLE INHIBITED
IDLE INHIBITED
IDLE INHIBITED
IDLE INHIBITED
IDLE INHIBITED
IDLE INHIBITED
IDLE INHIBITED
IDLE INHIBITED
IDLE INHIBITED
IDLE INHIBITED
IDLE INHIBITED
IDLE INHIBITED
IDLE INHIBITED
IDLE INHIBITED
IDLE INHIBITED
IDLE INHIBITED
IDLE INHIBITED
IDLE INHIBITED
IDLE INHIBITED
IDLE INHIBITED
IDLE INHIBITED
IDLE INHIBITED
IDLE INHIBITED
IDLE INHIBITED
IDLE INHIBITED
IDLE INHIBITED
IDLE INHIBITED
IDLE INHIBITED
IDLE INHIBITED
IDLE INHIBITED
IDLE INHIBITED
IDLE INHIBITED
IDLE INHIBITED
IDLE INHIBITED
IDLE INHIBITED
IDLE INHIBITED
IDLE INHIBITED
IDLE INHIBITED
IDLE INHIBITED
IDLE INHIBITED
IDLE INHIBITED
IDLE INHIBITED
IDLE INHIBITED
IDLE INHIBITED
IDLE INHIBITED
IDLE INHIBITED
IDLE INHIBITED
IDLE INHIBITED
IDLE INHIBITED
IDLE INHIBITED
IDLE INHIBITED
IDLE INHIBITED
IDLE INHIBITED
IDLE INHIBITED
IDLE INHIBITED
IDLE INHIBITED
IDLE INHIBITED
IDLE INHIBITED
IDLE INHIBITED
IDLE INHIBITED
IDLE INHIBITED
IDLE INHIBITED
IDLE INHIBITED
IDLE INHIBITED
IDLE INHIBITED
IDLE INHIBITED
IDLE INHIBITED
IDLE INHIBITED
IDLE INHIBITED
IDLE INHIBITED
IDLE INHIBITED
IDLE INHIBITED
IDLE INHIBITED
IDLE INHIBITED
IDLE INHIBITED
IDLE INHIBITED
IDLE INHIBITED
IDLE INHIBITED
IDLE INHIBITED
IDLE INHIBITED
IDLE INHIBITED
IDLE INHIBITED
IDLE INHIBITED
IDLE INHIBITED
IDLE INHIBITED
IDLE INHIBITED
IDLE INHIBITED
IDLE INHIBITED
IDLE INHIBITED
IDLE INHIBITED
IDLE INHIBITED
IDLE INHIBITED
IDLE INHIBITED
IDLE INHIBITED
IDLE INHIBITED
IDLE INHIBITED
IDLE INHIBITED
IDLE INHIBITED
IDLE INHIBITED
IDLE INHIBITED
IDLE INHIBITED
IDLE INHIBITED
IDLE INHIBITED
IDLE INHIBITED
IDLE INHIBITED
IDLE INHIBITED
IDLE INHIBITED
IDLE INHIBITED
IDLE INHIBITED
IDLE INHIBITED
IDLE INHIBITED
IDLE INHIBITED
IDLE INHIBITED
IDLE INHIBITED
IDLE INHIBITED
IDLE INHIBITED
IDLE INHIBITED
IDLE INHIBITED
IDLE INHIBITED
IDLE INHIBITED
IDLE INHIBITED
IDLE INHIBITED
IDLE INHIBITED
IDLE INHIBITED
IDLE INHIBITED
IDLE INHIBITED
IDLE INHIBITED
IDLE INHIBITED
IDLE INHIBITED
IDLE INHIBITED
IDLE INHIBITED
IDLE INHIBITED
IDLE INHIBITED
IDLE INHIBITED
IDLE INHIBITED
IDLE INHIBITED
IDLE INHIBITED
IDLE INHIBITED
IDLE INHIBITED
IDLE INHIBITED
IDLE INHIBITED
IDLE INHIBITED
IDLE INHIBITED
IDLE INHIBITED
IDLE INHIBITED
IDLE INHIBITED
IDLE INHIBITED
IDLE INHIBITED
IDLE INHIBITED
IDLE INHIBITED
IDLE INHIBITED
IDLE INHIBITED
IDLE INHIBITED
IDLE INHIBITED
IDLE INHIBITED
IDLE INHIBITED
IDLE INHIBITED
IDLE INHIBITED
IDLE INHIBITED
IDLE INHIBITED
IDLE INHIBITED
IDLE INHIBITED
IDLE INHIBITED
IDLE INHIBITED
IDLE INHIBITED
IDLE INHIBITED
IDLE INHIBITED
IDLE INHIBITED
IDLE INHIBITED
IDLE INHIBITED
IDLE INHIBITED
IDLE INHIBITED
IDLE INHIBITED
IDLE INHIBITED
IDLE INHIBITED
IDLE INHIBITED
IDLE INHIBITED
IDLE INHIBITED
IDLE INHIBITED
IDLE INHIBITED
IDLE INHIBITED
IDLE INHIBITED
IDLE INHIBITED
IDLE INHIBITED
IDLE INHIBITED
IDLE INHIBITED
IDLE INHIBITED
IDLE INHIBITED
IDLE INHIBITED
IDLE INHIBITED
IDLE INHIBITED
IDLE INHIBITED
IDLE INHIBITED
IDLE INHIBITED
IDLE INHIBITED
IDLE INHIBITED
IDLE INHIBITED
IDLE INHIBITED
IDLE INHIBITED
IDLE INHIBITED
IDLE INHIBITED
IDLE INHIBITED
IDLE INHIBITED
IDLE INHIBITED
IDLE INHIBITED
IDLE INHIBITED
IDLE INHIBITED
IDLE INHIBITED
IDLE INHIBITED
IDLE INHIBITED
IDLE INHIBITED
IDLE INHIBITED
IDLE INHIBITED
IDLE INHIBITED
IDLE INHIBITED
IDLE INHIBITED
IDLE INHIBITED
IDLE INHIBITED
IDLE INHIBITED
IDLE INHIBITED
IDLE INHIBITED
IDLE INHIBITED
IDLE INHIBITED
IDLE INHIBITED
IDLE INHIBITED
IDLE INHIBITED
IDLE INHIBITED
IDLE INHIBITED
IDLE INHIBITED
IDLE INHIBITED
IDLE INHIBITED
IDLE INHIBITED
IDLE INHIBITED
IDLE INHIBITED
IDLE INHIBITED
IDLE INHIBITED
IDLE INHIBITED
IDLE INHIBITED
IDLE INHIBITED
IDLE INHIBITED
IDLE INHIBITED
IDLE INHIBITED
IDLE INHIBITED
IDLE INHIBITED
IDLE INHIBITED
IDLE INHIBITED
IDLE INHIBITED
IDLE INHIBITED
IDLE INHIBITED
IDLE INHIBITED
IDLE INHIBITED
IDLE INHIBITED
IDLE INHIBITED
IDLE INHIBITED
IDLE INHIBITED
IDLE INHIBITED
IDLE INHIBITED
IDLE INHIBITED
IDLE INHIBITED
IDLE INHIBITED
IDLE INHIBITED
IDLE INHIBITED
